src/controllers/health.controller.ts(3,40): error TS6133: 'req' is declared but its value is never read.
src/controllers/news.controller.ts(6,44): error TS6133: 'req' is declared but its value is never read.
src/controllers/reports.controller.ts(6,47): error TS6133: 'req' is declared but its value is never read.
src/middlewares/auth.middleware.ts(9,34): error TS7030: Not all code paths return a value.
src/middlewares/auth.middleware.ts(17,37): error TS7030: Not all code paths return a value.
src/middlewares/error.middleware.ts(5,3): error TS6133: 'req' is declared but its value is never read.
src/middlewares/error.middleware.ts(7,3): error TS6133: 'next' is declared but its value is never read.
